******************************************************************************
                  TI ARM Linker PC v20.2.7                     
******************************************************************************
>> Linked Mon Sep 23 22:50:29 2024

OUTPUT FILE NAME:   <Simon_Says_Game.out>
ENTRY POINT SYMBOL: "_c_int00_noargs"  address: 00000bd5


MEMORY CONFIGURATION

         name            origin    length      used     unused   attr    fill
----------------------  --------  ---------  --------  --------  ----  --------
  FLASH                 00000000   00040000  00000d2c  0003f2d4  R  X
  SRAM                  20000000   00008000  00000223  00007ddd  RW X


SEGMENT ALLOCATION MAP

run origin  load origin   length   init length attrs members
----------  ----------- ---------- ----------- ----- -------
00000000    00000000    00000d30   00000d30    r-x
  00000000    00000000    0000026c   0000026c    r-- .intvecs
  0000026c    0000026c    00000a88   00000a88    r-x .text
  00000cf8    00000cf8    00000038   00000038    r-- .cinit
20000000    20000000    00000224   00000000    rw-
  20000000    20000000    00000200   00000000    rw- .stack
  20000200    20000200    00000013   00000000    rw- .bss
  20000214    20000214    00000010   00000000    rw- .data


SECTION ALLOCATION MAP

 output                                  attributes/
section   page    origin      length       input sections
--------  ----  ----------  ----------   ----------------
.intvecs   0    00000000    0000026c     
                  00000000    0000026c     tm4c123gh6pm_startup_ccs.obj (.intvecs)

.text      0    0000026c    00000a88     
                  0000026c    00000294     MAIN_GAME_APP.obj (.text)
                  00000500    00000224     PORT.obj (.text)
                  00000724    000001d4     LEDs.obj (.text)
                  000008f8    00000130     UART5.obj (.text)
                  00000a28    0000009c     rtsv7M4_T_le_v4SPD16_eabi.lib : memcpy_t2.asm.obj (.text)
                  00000ac4    00000068                                   : copy_decompress_lzss.c.obj (.text:decompress:lzss:__TI_decompress_lzss)
                  00000b2c    00000064     SWITCH.obj (.text)
                  00000b90    00000044     rtsv7M4_T_le_v4SPD16_eabi.lib : autoinit.c.obj (.text:__TI_auto_init_nobinit_nopinit:__TI_auto_init_nobinit_nopinit)
                  00000bd4    00000034                                   : boot_cortex_m.c.obj (.text:_c_int00_noargs:_c_int00_noargs)
                  00000c08    00000034                                   : rand.c.obj (.text:rand)
                  00000c3c    00000030     SYSTICK.obj (.text)
                  00000c6c    00000024     rtsv7M4_T_le_v4SPD16_eabi.lib : rand.c.obj (.text:srand)
                  00000c90    0000001c                                   : copy_zero_init.c.obj (.text:decompress:ZI:__TI_zero_init_nomemset:__TI_zero_init_nomemset)
                  00000cac    00000018                                   : ll_mul_t2.asm.obj (.text)
                  00000cc4    0000000e                                   : copy_decompress_none.c.obj (.text:decompress:none:__TI_decompress_none)
                  00000cd2    0000000c     main.obj (.text)
                  00000cde    0000000c     tm4c123gh6pm_startup_ccs.obj (.text)
                  00000cea    00000004     rtsv7M4_T_le_v4SPD16_eabi.lib : pre_init.c.obj (.text:_system_pre_init)
                  00000cee    00000004                                   : exit.c.obj (.text:abort:abort)
                  00000cf2    00000002                                   : _lock.c.obj (.text:_nop)

.cinit     0    00000cf8    00000038     
                  00000cf8    00000013     (.cinit..data.load) [load image, compression = lzss]
                  00000d0b    00000001     --HOLE-- [fill = 0]
                  00000d0c    0000000c     (__TI_handler_table)
                  00000d18    00000008     (.cinit..bss.load) [load image, compression = zero_init]
                  00000d20    00000010     (__TI_cinit_table)

.init_array 
*          0    00000000    00000000     UNINITIALIZED

.bss       0    20000200    00000013     UNINITIALIZED
                  20000200    00000008     (.common:My_STR)
                  20000208    00000008     (.common:StringGenerated)
                  20000210    00000001     (.common:FLAG_1)
                  20000211    00000001     (.common:FLAG_2)
                  20000212    00000001     (.common:My_STR_Index)

.data      0    20000214    00000010     UNINITIALIZED
                  20000214    00000008     rtsv7M4_T_le_v4SPD16_eabi.lib : _lock.c.obj (.data:$O1$$)
                  2000021c    00000004     LEDs.obj (.data)
                  20000220    00000004     rtsv7M4_T_le_v4SPD16_eabi.lib : rand.c.obj (.data)

.stack     0    20000000    00000200     UNINITIALIZED
                  20000000    00000004     rtsv7M4_T_le_v4SPD16_eabi.lib : boot_cortex_m.c.obj (.stack)
                  20000004    000001fc     --HOLE--

__llvm_prf_cnts 
*          0    20000000    00000000     UNINITIALIZED

MODULE SUMMARY

       Module                         code   ro data   rw data
       ------                         ----   -------   -------
    .\
       MAIN_GAME_APP.obj              660    0         19     
       tm4c123gh6pm_startup_ccs.obj   12     620       0      
       PORT.obj                       548    0         0      
       LEDs.obj                       468    0         4      
       UART5.obj                      304    0         0      
       SWITCH.obj                     100    0         0      
       SYSTICK.obj                    48     0         0      
       main.obj                       12     0         0      
    +--+------------------------------+------+---------+---------+
       Total:                         2152   620       23     
                                                              
    C:\ti\ccs1260\ccs\tools\compiler\ti-cgt-arm_20.2.7.LTS\lib\rtsv7M4_T_le_v4SPD16_eabi.lib
       memcpy_t2.asm.obj              156    0         0      
       copy_decompress_lzss.c.obj     104    0         0      
       rand.c.obj                     88     0         4      
       autoinit.c.obj                 68     0         0      
       boot_cortex_m.c.obj            52     0         0      
       copy_zero_init.c.obj           28     0         0      
       ll_mul_t2.asm.obj              24     0         0      
       copy_decompress_none.c.obj     14     0         0      
       _lock.c.obj                    2      0         8      
       exit.c.obj                     4      0         0      
       pre_init.c.obj                 4      0         0      
    +--+------------------------------+------+---------+---------+
       Total:                         544    0         12     
                                                              
       Stack:                         0      0         512    
       Linker Generated:              0      55        0      
    +--+------------------------------+------+---------+---------+
       Grand Total:                   2696   675       547    


LINKER GENERATED COPY TABLES

__TI_cinit_table @ 00000d20 records: 2, size/record: 8, table size: 16
	.data: load addr=00000cf8, load size=00000013 bytes, run addr=20000214, run size=00000010 bytes, compression=lzss
	.bss: load addr=00000d18, load size=00000008 bytes, run addr=20000200, run size=00000013 bytes, compression=zero_init


LINKER GENERATED HANDLER TABLE

__TI_handler_table @ 00000d0c records: 3, size/record: 4, table size: 12
	index: 0, handler: __TI_decompress_lzss
	index: 1, handler: __TI_decompress_none
	index: 2, handler: __TI_zero_init


GLOBAL SYMBOLS: SORTED ALPHABETICALLY BY Name 

address   name                          
-------   ----                          
00000cef  C$$EXIT                       
000002d5  ConvertToUpper                
00000725  Delay                         
20000210  FLAG_1                        
20000211  FLAG_2                        
000007b9  Flash_BlueLed                 
00000821  Flash_CyanLed                 
0000078f  Flash_GreenLed                
000007e3  Flash_PinkLed                 
00000765  Flash_RedLed                  
0000089d  Flash_WhiteLed                
0000085f  Flash_YellowLed               
00000b2d  GPIOPortF_Handler             
000008f9  HC05_Init                     
2000021c  LedsDelay                     
00000315  MAIN_GAME_APP_V1              
0000026d  MCU_INIT                      
20000200  My_STR                        
20000212  My_STR_Index                  
00000501  PORTF_INIT                    
00000cdf  ResetISR                      
20000208  StringGenerated               
00000c59  SysTick_GetCurrent            
00000c3d  SysTick_Init                  
00000983  UART5_ReceiveByte             
00000993  UART5_ReceiveString           
0000095f  UART5_SendByte                
000009cb  UART5_SendString              
20000200  __STACK_END                   
00000200  __STACK_SIZE                  
20000200  __STACK_TOP                   
00000d20  __TI_CINIT_Base               
00000d30  __TI_CINIT_Limit              
00000d0c  __TI_Handler_Table_Base       
00000d18  __TI_Handler_Table_Limit      
00000b91  __TI_auto_init_nobinit_nopinit
00000ac5  __TI_decompress_lzss          
00000cc5  __TI_decompress_none          
ffffffff  __TI_pprof_out_hndl           
ffffffff  __TI_prof_data_size           
ffffffff  __TI_prof_data_start          
00000000  __TI_static_base__            
00000c91  __TI_zero_init_nomemset       
00000cad  __aeabi_lmul                  
00000a29  __aeabi_memcpy                
00000a29  __aeabi_memcpy4               
00000a29  __aeabi_memcpy8               
ffffffff  __binit__                     
ffffffff  __c_args__                    
UNDEFED   __mpu_init                    
20000000  __stack                       
20000000  __start___llvm_prf_cnts       
20000000  __stop___llvm_prf_cnts        
00000bd5  _c_int00_noargs               
20000214  _lock                         
00000cf3  _nop                          
UNDEFED   _system_post_cinit            
00000ceb  _system_pre_init              
20000218  _unlock                       
00000cef  abort                         
ffffffff  binit                         
00000000  g_pfnVectors                  
0000027d  generateRandomString          
00000cd3  main                          
00000a29  memcpy                        
00000c09  rand                          
00000c6d  srand                         


GLOBAL SYMBOLS: SORTED BY Symbol Address 

address   name                          
-------   ----                          
00000000  __TI_static_base__            
00000000  g_pfnVectors                  
00000200  __STACK_SIZE                  
0000026d  MCU_INIT                      
0000027d  generateRandomString          
000002d5  ConvertToUpper                
00000315  MAIN_GAME_APP_V1              
00000501  PORTF_INIT                    
00000725  Delay                         
00000765  Flash_RedLed                  
0000078f  Flash_GreenLed                
000007b9  Flash_BlueLed                 
000007e3  Flash_PinkLed                 
00000821  Flash_CyanLed                 
0000085f  Flash_YellowLed               
0000089d  Flash_WhiteLed                
000008f9  HC05_Init                     
0000095f  UART5_SendByte                
00000983  UART5_ReceiveByte             
00000993  UART5_ReceiveString           
000009cb  UART5_SendString              
00000a29  __aeabi_memcpy                
00000a29  __aeabi_memcpy4               
00000a29  __aeabi_memcpy8               
00000a29  memcpy                        
00000ac5  __TI_decompress_lzss          
00000b2d  GPIOPortF_Handler             
00000b91  __TI_auto_init_nobinit_nopinit
00000bd5  _c_int00_noargs               
00000c09  rand                          
00000c3d  SysTick_Init                  
00000c59  SysTick_GetCurrent            
00000c6d  srand                         
00000c91  __TI_zero_init_nomemset       
00000cad  __aeabi_lmul                  
00000cc5  __TI_decompress_none          
00000cd3  main                          
00000cdf  ResetISR                      
00000ceb  _system_pre_init              
00000cef  C$$EXIT                       
00000cef  abort                         
00000cf3  _nop                          
00000d0c  __TI_Handler_Table_Base       
00000d18  __TI_Handler_Table_Limit      
00000d20  __TI_CINIT_Base               
00000d30  __TI_CINIT_Limit              
20000000  __stack                       
20000000  __start___llvm_prf_cnts       
20000000  __stop___llvm_prf_cnts        
20000200  My_STR                        
20000200  __STACK_END                   
20000200  __STACK_TOP                   
20000208  StringGenerated               
20000210  FLAG_1                        
20000211  FLAG_2                        
20000212  My_STR_Index                  
20000214  _lock                         
20000218  _unlock                       
2000021c  LedsDelay                     
ffffffff  __TI_pprof_out_hndl           
ffffffff  __TI_prof_data_size           
ffffffff  __TI_prof_data_start          
ffffffff  __binit__                     
ffffffff  __c_args__                    
ffffffff  binit                         
UNDEFED   __mpu_init                    
UNDEFED   _system_post_cinit            

[67 symbols]
