******************************************************************************
                  TI ARM Linker PC v20.2.7                     
******************************************************************************
>> Linked Mon Sep 16 21:41:11 2024

OUTPUT FILE NAME:   <Simon_Says_Game.out>
ENTRY POINT SYMBOL: "_c_int00_noargs"  address: 00002c19


MEMORY CONFIGURATION

         name            origin    length      used     unused   attr    fill
----------------------  --------  ---------  --------  --------  ----  --------
  FLASH                 00000000   00040000  00003079  0003cf87  R  X
  SRAM                  20000000   00008000  000005c4  00007a3c  RW X


SEGMENT ALLOCATION MAP

run origin  load origin   length   init length attrs members
----------  ----------- ---------- ----------- ----- -------
00000000    00000000    00003080   00003080    r-x
  00000000    00000000    0000026c   0000026c    r-- .intvecs
  0000026c    0000026c    00002c7c   00002c7c    r-x .text
  00002ee8    00002ee8    00000101   00000101    r-- .const
  00002ff0    00002ff0    00000090   00000090    r-- .cinit
20000000    20000000    000005c8   00000000    rw-
  20000000    20000000    00000200   00000000    rw- .stack
  20000200    20000200    000001ec   00000000    rw- .data
  200003ec    200003ec    000001c8   00000000    rw- .bss
  200005b8    200005b8    00000010   00000000    rw- .sysmem


SECTION ALLOCATION MAP

 output                                  attributes/
section   page    origin      length       input sections
--------  ----  ----------  ----------   ----------------
.intvecs   0    00000000    0000026c     
                  00000000    0000026c     tm4c123gh6pm_startup_ccs.obj (.intvecs)

.text      0    0000026c    00002c7c     
                  0000026c    00000a4e     rtsv7M4_T_le_v4SPD16_eabi.lib : _printfi.c.obj (.text:__TI_printfi)
                  00000cba    00000002                                   : _lock.c.obj (.text:_nop)
                  00000cbc    00000270                                   : _printfi.c.obj (.text:_pconv_a)
                  00000f2c    000001d0                                   : _printfi.c.obj (.text:_pconv_g)
                  000010fc    000001b6                                   : fd_add_t2.asm.obj (.text)
                  000012b2    00000002                                   : div0.asm.obj (.text)
                  000012b4    0000013c                                   : _printfi.c.obj (.text:_pconv_e)
                  000013f0    00000136                                   : fd_div_t2.asm.obj (.text)
                  00001526    00000002     --HOLE-- [fill = 0]
                  00001528    00000124                                   : _printfi.c.obj (.text:fcvt)
                  0000164c    00000114                                   : fputs.c.obj (.text:fputs)
                  00001760    00000110                                   : s_scalbn.c.obj (.text:scalbn)
                  00001870    00000100                                   : memory.c.obj (.text:aligned_alloc)
                  00001970    000000fc                                   : fd_mul_t2.asm.obj (.text)
                  00001a6c    000000e4                                   : memory.c.obj (.text:free)
                  00001b50    000000dc                                   : setvbuf.c.obj (.text:setvbuf)
                  00001c2c    000000c8                                   : perror.c.obj (.text:perror)
                  00001cf4    000000c6     main.obj (.text)
                  00001dba    00000002     --HOLE-- [fill = 0]
                  00001dbc    000000b1     rtsv7M4_T_le_v4SPD16_eabi.lib : _printfi.c.obj (.text:_ltostr)
                  00001e6d    00000001     --HOLE-- [fill = 0]
                  00001e6e    0000009c                                   : memcpy_t2.asm.obj (.text)
                  00001f0a    00000096                                   : ull_div_t2.asm.obj (.text)
                  00001fa0    0000008c                                   : fputc.c.obj (.text:fputc)
                  0000202c    00000086                                   : fd_cmp_t2.asm.obj (.text:__aeabi_cdcmple)
                  000020b2    00000086                                   : fd_cmp_t2.asm.obj (.text:__aeabi_cdrcmple)
                  00002138    0000007a                                   : memset_t2.asm.obj (.text)
                  000021b2    00000002     --HOLE-- [fill = 0]
                  000021b4    00000074                                   : fclose.c.obj (.text:__TI_closefile)
                  00002228    00000070                                   : memory.c.obj (.text:split)
                  00002298    0000006e                                   : _printfi.c.obj (.text:_mcpy)
                  00002306    00000002     --HOLE-- [fill = 0]
                  00002308    0000006c                                   : hostrename.c.obj (.text:HOSTrename)
                  00002374    00000068                                   : hostlseek.c.obj (.text:HOSTlseek)
                  000023dc    00000068                                   : copy_decompress_lzss.c.obj (.text:decompress:lzss:__TI_decompress_lzss)
                  00002444    00000068                                   : printf.c.obj (.text:printf)
                  000024ac    00000064                                   : s_frexp.c.obj (.text:frexp)
                  00002510    00000064                                   : fseek.c.obj (.text:fseek)
                  00002574    00000062                                   : _io_perm.c.obj (.text:__TI_wrt_ok)
                  000025d6    00000002     --HOLE-- [fill = 0]
                  000025d8    00000060                                   : hostopen.c.obj (.text:HOSTopen)
                  00002638    0000005c                                   : close.c.obj (.text:close)
                  00002694    00000058                                   : hostread.c.obj (.text:HOSTread)
                  000026ec    00000058                                   : hostwrite.c.obj (.text:HOSTwrite)
                  00002744    00000056                                   : _printfi.c.obj (.text:_pconv_f)
                  0000279a    00000054                                   : _ltoa.c.obj (.text:__TI_ltoa)
                  000027ee    00000052                                   : _printfi.c.obj (.text:_ecpy)
                  00002840    0000004c                                   : fflush.c.obj (.text:__TI_doflush)
                  0000288c    0000004c                                   : atoi.c.obj (.text:atoi)
                  000028d8    00000048                                   : hosttime.c.obj (.text:HOSTtime)
                  00002920    00000048                                   : exit.c.obj (.text:exit)
                  00002968    00000048                                   : fd_toi_t2.asm.obj (.text)
                  000029b0    00000044                                   : hostclose.c.obj (.text:HOSTclose)
                  000029f4    00000044                                   : hostunlink.c.obj (.text:HOSTunlink)
                  00002a38    00000044                                   : autoinit.c.obj (.text:__TI_auto_init_nobinit_nopinit:__TI_auto_init_nobinit_nopinit)
                  00002a7c    00000044                                   : getdevice.c.obj (.text:getdevice)
                  00002ac0    00000040                                   : u_divt2.asm.obj (.text)
                  00002b00    0000003e                                   : _printfi.c.obj (.text:_fcpy)
                  00002b3e    00000002     --HOLE-- [fill = 0]
                  00002b40    00000038                                   : trgmsg.c.obj (.text:__TI_writemsg)
                  00002b78    00000036                                   : strncpy.c.obj (.text:strncpy)
                  00002bae    00000002     --HOLE-- [fill = 0]
                  00002bb0    00000034                                   : fopen.c.obj (.text:__TI_cleanup)
                  00002be4    00000034                                   : trgmsg.c.obj (.text:__TI_readmsg)
                  00002c18    00000034                                   : boot_cortex_m.c.obj (.text:_c_int00_noargs:_c_int00_noargs)
                  00002c4c    00000034                                   : rand.c.obj (.text:rand)
                  00002c80    00000030                                   : getdevice.c.obj (.text:finddevice)
                  00002cb0    0000002e                                   : i_tofd_t2.asm.obj (.text)
                  00002cde    00000002     --HOLE-- [fill = 0]
                  00002ce0    0000002c                                   : unlink.c.obj (.text:unlink)
                  00002d0c    00000028                                   : memory.c.obj (.text:free_list_insert)
                  00002d34    00000028                                   : lseek.c.obj (.text:lseek)
                  00002d5c    00000028                                   : write.c.obj (.text:write)
                  00002d84    00000024                                   : rand.c.obj (.text:srand)
                  00002da8    00000020                                   : memchr.c.obj (.text:memchr)
                  00002dc8    0000001c                                   : copy_zero_init.c.obj (.text:decompress:ZI:__TI_zero_init_nomemset:__TI_zero_init_nomemset)
                  00002de4    0000001c                                   : memory.c.obj (.text:free_list_remove)
                  00002e00    0000001c                                   : memccpy.c.obj (.text:memccpy)
                  00002e1c    0000001a                                   : s_copysign.c.obj (.text:copysign)
                  00002e36    00000018                                   : strcmp.c.obj (.text:strcmp)
                  00002e4e    00000016                                   : strchr.c.obj (.text:strchr)
                  00002e64    00000014                                   : strcpy.c.obj (.text:strcpy)
                  00002e78    00000014                                   : strlen.c.obj (.text:strlen)
                  00002e8c    00000012                                   : wcslen.c.obj (.text:wcslen)
                  00002e9e    0000000e                                   : time.c.obj (.text:__time32)
                  00002eac    0000000e                                   : copy_decompress_none.c.obj (.text:decompress:none:__TI_decompress_none)
                  00002eba    0000000c     tm4c123gh6pm_startup_ccs.obj (.text)
                  00002ec6    00000002     --HOLE-- [fill = 0]
                  00002ec8    00000008     rtsv7M4_T_le_v4SPD16_eabi.lib : errno.c.obj (.text:__aeabi_errno_addr)
                  00002ed0    00000008                                   : memory.c.obj (.text:malloc)
                  00002ed8    00000004                                   : printf.c.obj (.text:_outc)
                  00002edc    00000004                                   : printf.c.obj (.text:_outs)
                  00002ee0    00000004                                   : pre_init.c.obj (.text:_system_pre_init)
                  00002ee4    00000004                                   : exit.c.obj (.text:abort:abort)

.const     0    00002ee8    00000101     
                  00002ee8    00000101     rtsv7M4_T_le_v4SPD16_eabi.lib : ctype.c.obj (.const:.string:_ctypes_)

.cinit     0    00002ff0    00000090     
                  00002ff0    00000069     (.cinit..data.load) [load image, compression = lzss]
                  00003059    00000003     --HOLE-- [fill = 0]
                  0000305c    0000000c     (__TI_handler_table)
                  00003068    00000008     (.cinit..bss.load) [load image, compression = zero_init]
                  00003070    00000010     (__TI_cinit_table)

.init_array 
*          0    00000000    00000000     UNINITIALIZED

.stack     0    20000000    00000200     UNINITIALIZED
                  20000000    00000004     rtsv7M4_T_le_v4SPD16_eabi.lib : boot_cortex_m.c.obj (.stack)
                  20000004    000001fc     --HOLE--

.data      0    20000200    000001ec     UNINITIALIZED
                  20000200    000000f0     rtsv7M4_T_le_v4SPD16_eabi.lib : defs.c.obj (.data:_ftable)
                  200002f0    00000078                                   : host_device.c.obj (.data:_device)
                  20000368    00000050                                   : host_device.c.obj (.data:_stream)
                  200003b8    00000010                                   : defs.c.obj (.data)
                  200003c8    0000000c                                   : exit.c.obj (.data:$O1$$)
                  200003d4    00000008                                   : _lock.c.obj (.data:$O1$$)
                  200003dc    00000008                                   : memory.c.obj (.data:$O1$$)
                  200003e4    00000004                                   : errno.c.obj (.data)
                  200003e8    00000004                                   : rand.c.obj (.data)

.bss       0    200003ec    000001c8     UNINITIALIZED
                  200003ec    00000120     rtsv7M4_T_le_v4SPD16_eabi.lib : trgmsg.c.obj (.bss:_CIOBUF_)
                  2000050c    000000a0     (.common:__TI_tmpnams)
                  200005ac    00000008     (.common:parmbuf)

.sysmem    0    200005b8    00000010     UNINITIALIZED
                  200005b8    00000010     rtsv7M4_T_le_v4SPD16_eabi.lib : memory.c.obj (.sysmem)

__llvm_prf_cnts 
*          0    20000000    00000000     UNINITIALIZED

MODULE SUMMARY

       Module                         code    ro data   rw data
       ------                         ----    -------   -------
    .\
       tm4c123gh6pm_startup_ccs.obj   12      620       0      
       main.obj                       198     0         0      
    +--+------------------------------+-------+---------+---------+
       Total:                         210     620       0      
                                                               
    C:\ti\ccs1260\ccs\tools\compiler\ti-cgt-arm_20.2.7.LTS\lib\rtsv7M4_T_le_v4SPD16_eabi.lib
       _printfi.c.obj                 4851    0         0      
       memory.c.obj                   672     0         8      
       fd_add_t2.asm.obj              438     0         0      
       defs.c.obj                     0       0         416    
       trgmsg.c.obj                   108     0         288    
       fd_div_t2.asm.obj              310     0         0      
       fputs.c.obj                    276     0         0      
       s_scalbn.c.obj                 272     0         0      
       fd_cmp_t2.asm.obj              268     0         0      
       ctype.c.obj                    0       257       0      
       fd_mul_t2.asm.obj              252     0         0      
       setvbuf.c.obj                  220     0         0      
       host_device.c.obj              0       0         200    
       perror.c.obj                   200     0         0      
       memcpy_t2.asm.obj              156     0         0      
       ull_div_t2.asm.obj             150     0         0      
       fputc.c.obj                    140     0         0      
       memset_t2.asm.obj              122     0         0      
       fclose.c.obj                   116     0         0      
       getdevice.c.obj                116     0         0      
       printf.c.obj                   112     0         0      
       hostrename.c.obj               108     0         0      
       copy_decompress_lzss.c.obj     104     0         0      
       hostlseek.c.obj                104     0         0      
       hostopen.c.obj                 96      0         8      
       fseek.c.obj                    100     0         0      
       s_frexp.c.obj                  100     0         0      
       _io_perm.c.obj                 98      0         0      
       close.c.obj                    92      0         0      
       rand.c.obj                     88      0         4      
       exit.c.obj                     76      0         12     
       hostread.c.obj                 88      0         0      
       hostwrite.c.obj                88      0         0      
       _ltoa.c.obj                    84      0         0      
       atoi.c.obj                     76      0         0      
       fflush.c.obj                   76      0         0      
       fd_toi_t2.asm.obj              72      0         0      
       hosttime.c.obj                 72      0         0      
       autoinit.c.obj                 68      0         0      
       hostclose.c.obj                68      0         0      
       hostunlink.c.obj               68      0         0      
       u_divt2.asm.obj                64      0         0      
       strncpy.c.obj                  54      0         0      
       boot_cortex_m.c.obj            52      0         0      
       fopen.c.obj                    52      0         0      
       i_tofd_t2.asm.obj              46      0         0      
       unlink.c.obj                   44      0         0      
       lseek.c.obj                    40      0         0      
       write.c.obj                    40      0         0      
       memchr.c.obj                   32      0         0      
       copy_zero_init.c.obj           28      0         0      
       memccpy.c.obj                  28      0         0      
       s_copysign.c.obj               26      0         0      
       strcmp.c.obj                   24      0         0      
       strchr.c.obj                   22      0         0      
       strcpy.c.obj                   20      0         0      
       strlen.c.obj                   20      0         0      
       wcslen.c.obj                   18      0         0      
       copy_decompress_none.c.obj     14      0         0      
       time.c.obj                     14      0         0      
       errno.c.obj                    8       0         4      
       _lock.c.obj                    2       0         8      
       pre_init.c.obj                 4       0         0      
       div0.asm.obj                   2       0         0      
    +--+------------------------------+-------+---------+---------+
       Total:                         11159   257       948    
                                                               
       Heap:                          0       0         16     
       Stack:                         0       0         512    
       Linker Generated:              0       141       0      
    +--+------------------------------+-------+---------+---------+
       Grand Total:                   11369   1018      1476   


LINKER GENERATED COPY TABLES

__TI_cinit_table @ 00003070 records: 2, size/record: 8, table size: 16
	.data: load addr=00002ff0, load size=00000069 bytes, run addr=20000200, run size=000001ec bytes, compression=lzss
	.bss: load addr=00003068, load size=00000008 bytes, run addr=200003ec, run size=000001c8 bytes, compression=zero_init


LINKER GENERATED HANDLER TABLE

__TI_handler_table @ 0000305c records: 3, size/record: 4, table size: 12
	index: 0, handler: __TI_decompress_lzss
	index: 1, handler: __TI_decompress_none
	index: 2, handler: __TI_zero_init


GLOBAL SYMBOLS: SORTED ALPHABETICALLY BY Name 

address   name                           
-------   ----                           
00002ee5  C$$EXIT                        
00002b6f  C$$IO$$                        
000029b1  HOSTclose                      
00002375  HOSTlseek                      
000025d9  HOSTopen                       
00002695  HOSTread                       
00002309  HOSTrename                     
000028d9  HOSTtime                       
000029f5  HOSTunlink                     
000026ed  HOSTwrite                      
00002ebb  ResetISR                       
200003ec  __CIOBUF_                      
20000200  __STACK_END                    
00000200  __STACK_SIZE                   
20000200  __STACK_TOP                    
00000010  __SYSMEM_SIZE                  
00003070  __TI_CINIT_Base                
00003080  __TI_CINIT_Limit               
0000305c  __TI_Handler_Table_Base        
00003068  __TI_Handler_Table_Limit       
00002a39  __TI_auto_init_nobinit_nopinit 
00002bb1  __TI_cleanup                   
200003c8  __TI_cleanup_ptr               
000021b5  __TI_closefile                 
000023dd  __TI_decompress_lzss           
00002ead  __TI_decompress_none           
00002841  __TI_doflush                   
200003cc  __TI_dtors_ptr                 
200003d0  __TI_enable_exit_profile_output
200003b8  __TI_ft_end                    
0000279b  __TI_ltoa                      
ffffffff  __TI_pprof_out_hndl            
0000026d  __TI_printfi                   
ffffffff  __TI_prof_data_size            
ffffffff  __TI_prof_data_start           
00002be5  __TI_readmsg                   
00000000  __TI_static_base__             
2000050c  __TI_tmpnams                   
00002b41  __TI_writemsg                  
00002575  __TI_wrt_ok                    
00002dc9  __TI_zero_init_nomemset        
0000202d  __aeabi_cdcmpeq                
0000202d  __aeabi_cdcmple                
000020b3  __aeabi_cdrcmple               
00002969  __aeabi_d2iz                   
00001107  __aeabi_dadd                   
000013f1  __aeabi_ddiv                   
00001971  __aeabi_dmul                   
000010fd  __aeabi_dsub                   
00002ec9  __aeabi_errno_addr             
00002cb1  __aeabi_i2d                    
000012b3  __aeabi_idiv0                  
000012b3  __aeabi_ldiv0                  
00002139  __aeabi_memclr                 
00002139  __aeabi_memclr4                
00002139  __aeabi_memclr8                
00001e6f  __aeabi_memcpy                 
00001e6f  __aeabi_memcpy4                
00001e6f  __aeabi_memcpy8                
0000213b  __aeabi_memset                 
0000213b  __aeabi_memset4                
0000213b  __aeabi_memset8                
200003c4  __aeabi_stderr                 
200003bc  __aeabi_stdin                  
200003c0  __aeabi_stdout                 
00002ac1  __aeabi_uidiv                  
00002ac1  __aeabi_uidivmod               
00001f0b  __aeabi_uldivmod               
ffffffff  __binit__                      
ffffffff  __c_args__                     
UNDEFED   __mpu_init                     
20000000  __stack                        
20000000  __start___llvm_prf_cnts        
20000000  __stop___llvm_prf_cnts         
00002e9f  __time32                       
00002c19  _c_int00_noargs                
00002ee8  _ctypes_                       
200002f0  _device                        
20000200  _ftable                        
200003d4  _lock                          
00000cbb  _nop                           
20000368  _stream                        
200005b8  _sys_memory                    
UNDEFED   _system_post_cinit             
00002ee1  _system_pre_init               
200003d8  _unlock                        
00002ee5  abort                          
00001871  aligned_alloc                  
0000288d  atoi                           
ffffffff  binit                          
00002639  close                          
00002e1d  copysign                       
00002e1d  copysignl                      
200003e4  errno                          
00002921  exit                           
00002c81  finddevice                     
00001fa1  fputc                          
0000164d  fputs                          
00001a6d  free                           
000024ad  frexp                          
000024ad  frexpl                         
00002511  fseek                          
00000000  g_pfnVectors                   
00001cf5  generateRandomString           
00002a7d  getdevice                      
00001761  ldexp                          
00001761  ldexpl                         
00002d35  lseek                          
00001d47  main                           
00002ed1  malloc                         
00001871  memalign                       
00002e01  memccpy                        
00002da9  memchr                         
00001e6f  memcpy                         
00002141  memset                         
200005ac  parmbuf                        
00001c2d  perror                         
00002445  printf                         
00001fa1  putc                           
00002c4d  rand                           
00002ce1  remove                         
00001761  scalbn                         
00001761  scalbnl                        
00001b51  setvbuf                        
00002d85  srand                          
00002e4f  strchr                         
00002e37  strcmp                         
00002e65  strcpy                         
00002e79  strlen                         
00002b79  strncpy                        
00002e9f  time                           
00002ce1  unlink                         
00002e8d  wcslen                         
00002d5d  write                          


GLOBAL SYMBOLS: SORTED BY Symbol Address 

address   name                           
-------   ----                           
00000000  __TI_static_base__             
00000000  g_pfnVectors                   
00000010  __SYSMEM_SIZE                  
00000200  __STACK_SIZE                   
0000026d  __TI_printfi                   
00000cbb  _nop                           
000010fd  __aeabi_dsub                   
00001107  __aeabi_dadd                   
000012b3  __aeabi_idiv0                  
000012b3  __aeabi_ldiv0                  
000013f1  __aeabi_ddiv                   
0000164d  fputs                          
00001761  ldexp                          
00001761  ldexpl                         
00001761  scalbn                         
00001761  scalbnl                        
00001871  aligned_alloc                  
00001871  memalign                       
00001971  __aeabi_dmul                   
00001a6d  free                           
00001b51  setvbuf                        
00001c2d  perror                         
00001cf5  generateRandomString           
00001d47  main                           
00001e6f  __aeabi_memcpy                 
00001e6f  __aeabi_memcpy4                
00001e6f  __aeabi_memcpy8                
00001e6f  memcpy                         
00001f0b  __aeabi_uldivmod               
00001fa1  fputc                          
00001fa1  putc                           
0000202d  __aeabi_cdcmpeq                
0000202d  __aeabi_cdcmple                
000020b3  __aeabi_cdrcmple               
00002139  __aeabi_memclr                 
00002139  __aeabi_memclr4                
00002139  __aeabi_memclr8                
0000213b  __aeabi_memset                 
0000213b  __aeabi_memset4                
0000213b  __aeabi_memset8                
00002141  memset                         
000021b5  __TI_closefile                 
00002309  HOSTrename                     
00002375  HOSTlseek                      
000023dd  __TI_decompress_lzss           
00002445  printf                         
000024ad  frexp                          
000024ad  frexpl                         
00002511  fseek                          
00002575  __TI_wrt_ok                    
000025d9  HOSTopen                       
00002639  close                          
00002695  HOSTread                       
000026ed  HOSTwrite                      
0000279b  __TI_ltoa                      
00002841  __TI_doflush                   
0000288d  atoi                           
000028d9  HOSTtime                       
00002921  exit                           
00002969  __aeabi_d2iz                   
000029b1  HOSTclose                      
000029f5  HOSTunlink                     
00002a39  __TI_auto_init_nobinit_nopinit 
00002a7d  getdevice                      
00002ac1  __aeabi_uidiv                  
00002ac1  __aeabi_uidivmod               
00002b41  __TI_writemsg                  
00002b6f  C$$IO$$                        
00002b79  strncpy                        
00002bb1  __TI_cleanup                   
00002be5  __TI_readmsg                   
00002c19  _c_int00_noargs                
00002c4d  rand                           
00002c81  finddevice                     
00002cb1  __aeabi_i2d                    
00002ce1  remove                         
00002ce1  unlink                         
00002d35  lseek                          
00002d5d  write                          
00002d85  srand                          
00002da9  memchr                         
00002dc9  __TI_zero_init_nomemset        
00002e01  memccpy                        
00002e1d  copysign                       
00002e1d  copysignl                      
00002e37  strcmp                         
00002e4f  strchr                         
00002e65  strcpy                         
00002e79  strlen                         
00002e8d  wcslen                         
00002e9f  __time32                       
00002e9f  time                           
00002ead  __TI_decompress_none           
00002ebb  ResetISR                       
00002ec9  __aeabi_errno_addr             
00002ed1  malloc                         
00002ee1  _system_pre_init               
00002ee5  C$$EXIT                        
00002ee5  abort                          
00002ee8  _ctypes_                       
0000305c  __TI_Handler_Table_Base        
00003068  __TI_Handler_Table_Limit       
00003070  __TI_CINIT_Base                
00003080  __TI_CINIT_Limit               
20000000  __stack                        
20000000  __start___llvm_prf_cnts        
20000000  __stop___llvm_prf_cnts         
20000200  __STACK_END                    
20000200  __STACK_TOP                    
20000200  _ftable                        
200002f0  _device                        
20000368  _stream                        
200003b8  __TI_ft_end                    
200003bc  __aeabi_stdin                  
200003c0  __aeabi_stdout                 
200003c4  __aeabi_stderr                 
200003c8  __TI_cleanup_ptr               
200003cc  __TI_dtors_ptr                 
200003d0  __TI_enable_exit_profile_output
200003d4  _lock                          
200003d8  _unlock                        
200003e4  errno                          
200003ec  __CIOBUF_                      
2000050c  __TI_tmpnams                   
200005ac  parmbuf                        
200005b8  _sys_memory                    
ffffffff  __TI_pprof_out_hndl            
ffffffff  __TI_prof_data_size            
ffffffff  __TI_prof_data_start           
ffffffff  __binit__                      
ffffffff  __c_args__                     
ffffffff  binit                          
UNDEFED   __mpu_init                     
UNDEFED   _system_post_cinit             

[134 symbols]
