******************************************************************************
                  TI ARM Linker PC v20.2.7                     
******************************************************************************
>> Linked Sun Sep 22 16:34:26 2024

OUTPUT FILE NAME:   <Simon_Says_Game.out>
ENTRY POINT SYMBOL: "_c_int00_noargs"  address: 000009d5


MEMORY CONFIGURATION

         name            origin    length      used     unused   attr    fill
----------------------  --------  ---------  --------  --------  ----  --------
  FLASH                 00000000   00040000  00000ace  0003f532  R  X
  SRAM                  20000000   00008000  0000020c  00007df4  RW X


SEGMENT ALLOCATION MAP

run origin  load origin   length   init length attrs members
----------  ----------- ---------- ----------- ----- -------
00000000    00000000    00000ad0   00000ad0    r-x
  00000000    00000000    0000026c   0000026c    r-- .intvecs
  0000026c    0000026c    00000842   00000842    r-x .text
  00000ab0    00000ab0    00000020   00000020    r-- .cinit
20000000    20000000    0000020c   00000000    rw-
  20000000    20000000    00000200   00000000    rw- .stack
  20000200    20000200    0000000c   00000000    rw- .data


SECTION ALLOCATION MAP

 output                                  attributes/
section   page    origin      length       input sections
--------  ----  ----------  ----------   ----------------
.intvecs   0    00000000    0000026c     
                  00000000    0000026c     tm4c123gh6pm_startup_ccs.obj (.intvecs)

.text      0    0000026c    00000842     
                  0000026c    00000224     PORT.obj (.text)
                  00000490    000001dc     LEDs.obj (.text)
                  0000066c    00000130     UART5.obj (.text)
                  0000079c    000000b0     MAIN_GAME_APP.obj (.text)
                  0000084c    0000009c     rtsv7M4_T_le_v4SPD16_eabi.lib : memcpy_t2.asm.obj (.text)
                  000008e8    00000068                                   : copy_decompress_lzss.c.obj (.text:decompress:lzss:__TI_decompress_lzss)
                  00000950    00000044                                   : autoinit.c.obj (.text:__TI_auto_init_nobinit_nopinit:__TI_auto_init_nobinit_nopinit)
                  00000994    00000040                                   : u_divt2.asm.obj (.text)
                  000009d4    00000034                                   : boot_cortex_m.c.obj (.text:_c_int00_noargs:_c_int00_noargs)
                  00000a08    00000034                                   : rand.c.obj (.text:rand)
                  00000a3c    00000028     SWITCH.obj (.text)
                  00000a64    00000018     rtsv7M4_T_le_v4SPD16_eabi.lib : ll_mul_t2.asm.obj (.text)
                  00000a7c    0000000e                                   : copy_decompress_none.c.obj (.text:decompress:none:__TI_decompress_none)
                  00000a8a    0000000c     main.obj (.text)
                  00000a96    0000000c     tm4c123gh6pm_startup_ccs.obj (.text)
                  00000aa2    00000004     rtsv7M4_T_le_v4SPD16_eabi.lib : pre_init.c.obj (.text:_system_pre_init)
                  00000aa6    00000004                                   : exit.c.obj (.text:abort:abort)
                  00000aaa    00000002                                   : _lock.c.obj (.text:_nop)
                  00000aac    00000002                                   : div0.asm.obj (.text)

.cinit     0    00000ab0    00000020     
                  00000ab0    0000000f     (.cinit..data.load) [load image, compression = lzss]
                  00000abf    00000001     --HOLE-- [fill = 0]
                  00000ac0    00000008     (__TI_handler_table)
                  00000ac8    00000008     (__TI_cinit_table)

.init_array 
*          0    00000000    00000000     UNINITIALIZED

.data      0    20000200    0000000c     UNINITIALIZED
                  20000200    00000008     rtsv7M4_T_le_v4SPD16_eabi.lib : _lock.c.obj (.data:$O1$$)
                  20000208    00000004                                   : rand.c.obj (.data)

.stack     0    20000000    00000200     UNINITIALIZED
                  20000000    00000004     rtsv7M4_T_le_v4SPD16_eabi.lib : boot_cortex_m.c.obj (.stack)
                  20000004    000001fc     --HOLE--

__llvm_prf_cnts 
*          0    20000000    00000000     UNINITIALIZED

MODULE SUMMARY

       Module                         code   ro data   rw data
       ------                         ----   -------   -------
    .\
       tm4c123gh6pm_startup_ccs.obj   12     620       0      
       PORT.obj                       548    0         0      
       LEDs.obj                       476    0         0      
       UART5.obj                      304    0         0      
       MAIN_GAME_APP.obj              176    0         0      
       SWITCH.obj                     40     0         0      
       main.obj                       12     0         0      
    +--+------------------------------+------+---------+---------+
       Total:                         1568   620       0      
                                                              
    C:\ti\ccs1260\ccs\tools\compiler\ti-cgt-arm_20.2.7.LTS\lib\rtsv7M4_T_le_v4SPD16_eabi.lib
       memcpy_t2.asm.obj              156    0         0      
       copy_decompress_lzss.c.obj     104    0         0      
       autoinit.c.obj                 68     0         0      
       u_divt2.asm.obj                64     0         0      
       rand.c.obj                     52     0         4      
       boot_cortex_m.c.obj            52     0         0      
       ll_mul_t2.asm.obj              24     0         0      
       copy_decompress_none.c.obj     14     0         0      
       _lock.c.obj                    2      0         8      
       exit.c.obj                     4      0         0      
       pre_init.c.obj                 4      0         0      
       div0.asm.obj                   2      0         0      
    +--+------------------------------+------+---------+---------+
       Total:                         546    0         12     
                                                              
       Stack:                         0      0         512    
       Linker Generated:              0      31        0      
    +--+------------------------------+------+---------+---------+
       Grand Total:                   2114   651       524    


LINKER GENERATED COPY TABLES

__TI_cinit_table @ 00000ac8 records: 1, size/record: 8, table size: 8
	.data: load addr=00000ab0, load size=0000000f bytes, run addr=20000200, run size=0000000c bytes, compression=lzss


LINKER GENERATED HANDLER TABLE

__TI_handler_table @ 00000ac0 records: 2, size/record: 4, table size: 8
	index: 0, handler: __TI_decompress_lzss
	index: 1, handler: __TI_decompress_none


GLOBAL SYMBOLS: SORTED ALPHABETICALLY BY Name 

address   name                          
-------   ----                          
00000aa7  C$$EXIT                       
00000803  ConvertToUpper                
00000491  Delay                         
00000529  Flash_BlueLed                 
00000595  Flash_CyanLed                 
000004fd  Flash_GreenLed                
00000555  Flash_PinkLed                 
000004d1  Flash_RedLed                  
00000615  Flash_WhiteLed                
000005d5  Flash_YellowLed               
00000a3d  GPIOPortF_Handler             
0000066d  HC05_Init                     
00000843  MAIN_GAME_APP_V1              
0000079d  MCU_INIT                      
0000026d  PORTF_INIT                    
00000a97  ResetISR                      
000006f7  UART5_ReceiveByte             
00000707  UART5_ReceiveString           
000006d3  UART5_SendByte                
0000073f  UART5_SendString              
20000200  __STACK_END                   
00000200  __STACK_SIZE                  
20000200  __STACK_TOP                   
00000ac8  __TI_CINIT_Base               
00000ad0  __TI_CINIT_Limit              
00000ac0  __TI_Handler_Table_Base       
00000ac8  __TI_Handler_Table_Limit      
00000951  __TI_auto_init_nobinit_nopinit
000008e9  __TI_decompress_lzss          
00000a7d  __TI_decompress_none          
ffffffff  __TI_pprof_out_hndl           
ffffffff  __TI_prof_data_size           
ffffffff  __TI_prof_data_start          
00000000  __TI_static_base__            
00000aad  __aeabi_idiv0                 
00000aad  __aeabi_ldiv0                 
00000a65  __aeabi_lmul                  
0000084d  __aeabi_memcpy                
0000084d  __aeabi_memcpy4               
0000084d  __aeabi_memcpy8               
00000995  __aeabi_uidiv                 
00000995  __aeabi_uidivmod              
ffffffff  __binit__                     
ffffffff  __c_args__                    
UNDEFED   __mpu_init                    
20000000  __stack                       
20000000  __start___llvm_prf_cnts       
20000000  __stop___llvm_prf_cnts        
000009d5  _c_int00_noargs               
20000200  _lock                         
00000aab  _nop                          
UNDEFED   _system_post_cinit            
00000aa3  _system_pre_init              
20000204  _unlock                       
00000aa7  abort                         
ffffffff  binit                         
00000000  g_pfnVectors                  
000007a9  generateRandomString          
00000a8b  main                          
0000084d  memcpy                        
00000a09  rand                          


GLOBAL SYMBOLS: SORTED BY Symbol Address 

address   name                          
-------   ----                          
00000000  __TI_static_base__            
00000000  g_pfnVectors                  
00000200  __STACK_SIZE                  
0000026d  PORTF_INIT                    
00000491  Delay                         
000004d1  Flash_RedLed                  
000004fd  Flash_GreenLed                
00000529  Flash_BlueLed                 
00000555  Flash_PinkLed                 
00000595  Flash_CyanLed                 
000005d5  Flash_YellowLed               
00000615  Flash_WhiteLed                
0000066d  HC05_Init                     
000006d3  UART5_SendByte                
000006f7  UART5_ReceiveByte             
00000707  UART5_ReceiveString           
0000073f  UART5_SendString              
0000079d  MCU_INIT                      
000007a9  generateRandomString          
00000803  ConvertToUpper                
00000843  MAIN_GAME_APP_V1              
0000084d  __aeabi_memcpy                
0000084d  __aeabi_memcpy4               
0000084d  __aeabi_memcpy8               
0000084d  memcpy                        
000008e9  __TI_decompress_lzss          
00000951  __TI_auto_init_nobinit_nopinit
00000995  __aeabi_uidiv                 
00000995  __aeabi_uidivmod              
000009d5  _c_int00_noargs               
00000a09  rand                          
00000a3d  GPIOPortF_Handler             
00000a65  __aeabi_lmul                  
00000a7d  __TI_decompress_none          
00000a8b  main                          
00000a97  ResetISR                      
00000aa3  _system_pre_init              
00000aa7  C$$EXIT                       
00000aa7  abort                         
00000aab  _nop                          
00000aad  __aeabi_idiv0                 
00000aad  __aeabi_ldiv0                 
00000ac0  __TI_Handler_Table_Base       
00000ac8  __TI_CINIT_Base               
00000ac8  __TI_Handler_Table_Limit      
00000ad0  __TI_CINIT_Limit              
20000000  __stack                       
20000000  __start___llvm_prf_cnts       
20000000  __stop___llvm_prf_cnts        
20000200  __STACK_END                   
20000200  __STACK_TOP                   
20000200  _lock                         
20000204  _unlock                       
ffffffff  __TI_pprof_out_hndl           
ffffffff  __TI_prof_data_size           
ffffffff  __TI_prof_data_start          
ffffffff  __binit__                     
ffffffff  __c_args__                    
ffffffff  binit                         
UNDEFED   __mpu_init                    
UNDEFED   _system_post_cinit            

[61 symbols]
